Archive member included to satisfy reference by file (symbol)

/usr/lib/gcc/arm-none-eabi/6.3.1/libgcc.a(_udivsi3.o)
                              build/stdio.o (__aeabi_uidiv)
/usr/lib/gcc/arm-none-eabi/6.3.1/libgcc.a(_dvmd_tls.o)
                              /usr/lib/gcc/arm-none-eabi/6.3.1/libgcc.a(_udivsi3.o) (__aeabi_idiv0)

Memory Configuration

Name             Origin             Length             Attributes
*default*        0x0000000000000000 0xffffffffffffffff

Linker script and memory map

LOAD build/Entry.os
LOAD build/Main.o
LOAD build/Handler.o
LOAD build/Regs.o
LOAD build/Interrupt.o
LOAD build/Uart.o
LOAD build/Timer.o
LOAD build/stdlib.o
LOAD build/stdio.o
LOAD build/armcpu.o
LOAD build/task.o
LOAD /usr/lib/gcc/arm-none-eabi/6.3.1/libgcc.a
                0x0000000000000000                . = 0x0

.text           0x0000000000000000     0x1280
 *(vector_start)
 *(.text .rodata)
 .text          0x0000000000000000       0xd4 build/Entry.os
                0x0000000000000000                vector_start
                0x000000000000003c                vector_end
 .text          0x00000000000000d4      0x214 build/Main.o
                0x00000000000000d4                main
                0x00000000000002a0                User_task0
                0x00000000000002b8                User_task1
                0x00000000000002d0                User_task2
 .rodata        0x00000000000002e8       0xe9 build/Main.o
 *fill*         0x00000000000003d1        0x3 
 .text          0x00000000000003d4       0x24 build/Handler.o
                0x00000000000003d4                Irq_Handler
                0x00000000000003f0                Fiq_Handler
 .text          0x00000000000003f8        0x0 build/Regs.o
 .text          0x00000000000003f8      0x2ec build/Interrupt.o
                0x00000000000003f8                Hal_interrupt_init
                0x0000000000000494                Hal_interrupt_enable
                0x0000000000000558                Hal_interrupt_disable
                0x0000000000000624                Hal_interrupt_register_handler
                0x000000000000065c                Hal_interrupt_run_handler
 .text          0x00000000000006e4      0x1b4 build/Uart.o
                0x00000000000006e4                Hal_uart_init
                0x0000000000000784                Hal_uart_put_char
                0x00000000000007e0                Hal_uart_get_char
 .text          0x0000000000000898      0x210 build/Timer.o
                0x0000000000000898                Hal_timer_init
                0x0000000000000a84                Hal_timer_get_1ms_counter
 .text          0x0000000000000aa8       0x48 build/stdlib.o
                0x0000000000000aa8                delay
 .text          0x0000000000000af0      0x434 build/stdio.o
                0x0000000000000af0                putstr
                0x0000000000000b50                debug_printf
                0x0000000000000ba0                vsprintf
                0x0000000000000e24                utoa
 .rodata        0x0000000000000f24        0x7 build/stdio.o
 *fill*         0x0000000000000f2b        0x1 
 .text          0x0000000000000f2c       0xb0 build/armcpu.o
                0x0000000000000f2c                enable_irq
                0x0000000000000f58                enable_fiq
                0x0000000000000f84                disable_irq
                0x0000000000000fb0                disable_fiq
 .text          0x0000000000000fdc      0x18c build/task.o
                0x0000000000000fdc                kernel_task_init
                0x00000000000010d4                Kernel_task_create
 .text          0x0000000000001168      0x114 /usr/lib/gcc/arm-none-eabi/6.3.1/libgcc.a(_udivsi3.o)
                0x0000000000001168                __udivsi3
                0x0000000000001168                __aeabi_uidiv
                0x000000000000125c                __aeabi_uidivmod
 .text          0x000000000000127c        0x4 /usr/lib/gcc/arm-none-eabi/6.3.1/libgcc.a(_dvmd_tls.o)
                0x000000000000127c                __aeabi_ldiv0
                0x000000000000127c                __aeabi_idiv0

.glue_7         0x0000000000001280        0x0
 .glue_7        0x0000000000001280        0x0 linker stubs

.glue_7t        0x0000000000001280        0x0
 .glue_7t       0x0000000000001280        0x0 linker stubs

.vfp11_veneer   0x0000000000001280        0x0
 .vfp11_veneer  0x0000000000001280        0x0 linker stubs

.v4_bx          0x0000000000001280        0x0
 .v4_bx         0x0000000000001280        0x0 linker stubs

.iplt           0x0000000000001280        0x0
 .iplt          0x0000000000001280        0x0 build/Entry.os

.rel.dyn        0x0000000000001280        0x0
 .rel.iplt      0x0000000000001280        0x0 build/Entry.os

.data           0x0000000000001280       0x10
 *(.data)
 .data          0x0000000000001280        0x0 build/Entry.os
 .data          0x0000000000001280        0x0 build/Main.o
 .data          0x0000000000001280        0x0 build/Handler.o
 .data          0x0000000000001280       0x10 build/Regs.o
                0x0000000000001280                Uart
                0x0000000000001284                GicCpu
                0x0000000000001288                GicDist
                0x000000000000128c                Timer
 .data          0x0000000000001290        0x0 build/Interrupt.o
 .data          0x0000000000001290        0x0 build/Uart.o
 .data          0x0000000000001290        0x0 build/Timer.o
 .data          0x0000000000001290        0x0 build/stdlib.o
 .data          0x0000000000001290        0x0 build/stdio.o
 .data          0x0000000000001290        0x0 build/armcpu.o
 .data          0x0000000000001290        0x0 build/task.o
 .data          0x0000000000001290        0x0 /usr/lib/gcc/arm-none-eabi/6.3.1/libgcc.a(_udivsi3.o)
 .data          0x0000000000001290        0x0 /usr/lib/gcc/arm-none-eabi/6.3.1/libgcc.a(_dvmd_tls.o)

.igot.plt       0x0000000000001290        0x0
 .igot.plt      0x0000000000001290        0x0 build/Entry.os

.bss            0x0000000000001290      0xa04
 *(.bss)
 .bss           0x0000000000001290        0x0 build/Entry.os
 .bss           0x0000000000001290        0x0 build/Main.o
 .bss           0x0000000000001290        0x0 build/Handler.o
 .bss           0x0000000000001290        0x0 build/Regs.o
 .bss           0x0000000000001290      0x3fc build/Interrupt.o
 .bss           0x000000000000168c        0x0 build/Uart.o
 .bss           0x000000000000168c        0x4 build/Timer.o
 .bss           0x0000000000001690        0x0 build/stdlib.o
 .bss           0x0000000000001690      0x400 build/stdio.o
 .bss           0x0000000000001a90        0x0 build/armcpu.o
 .bss           0x0000000000001a90      0x204 build/task.o
 .bss           0x0000000000001c94        0x0 /usr/lib/gcc/arm-none-eabi/6.3.1/libgcc.a(_udivsi3.o)
 .bss           0x0000000000001c94        0x0 /usr/lib/gcc/arm-none-eabi/6.3.1/libgcc.a(_dvmd_tls.o)
OUTPUT(build/navilos.axf elf32-littlearm)

.ARM.attributes
                0x0000000000000000       0x33
 .ARM.attributes
                0x0000000000000000       0x25 build/Entry.os
 .ARM.attributes
                0x0000000000000025       0x37 build/Main.o
 .ARM.attributes
                0x000000000000005c       0x37 build/Handler.o
 .ARM.attributes
                0x0000000000000093       0x37 build/Regs.o
 .ARM.attributes
                0x00000000000000ca       0x37 build/Interrupt.o
 .ARM.attributes
                0x0000000000000101       0x37 build/Uart.o
 .ARM.attributes
                0x0000000000000138       0x37 build/Timer.o
 .ARM.attributes
                0x000000000000016f       0x37 build/stdlib.o
 .ARM.attributes
                0x00000000000001a6       0x37 build/stdio.o
 .ARM.attributes
                0x00000000000001dd       0x37 build/armcpu.o
 .ARM.attributes
                0x0000000000000214       0x37 build/task.o
 .ARM.attributes
                0x000000000000024b       0x18 /usr/lib/gcc/arm-none-eabi/6.3.1/libgcc.a(_udivsi3.o)
 .ARM.attributes
                0x0000000000000263       0x18 /usr/lib/gcc/arm-none-eabi/6.3.1/libgcc.a(_dvmd_tls.o)

.comment        0x0000000000000000       0x31
 .comment       0x0000000000000000       0x31 build/Main.o
                                         0x32 (size before relaxing)
 .comment       0x0000000000000031       0x32 build/Handler.o
 .comment       0x0000000000000031       0x32 build/Regs.o
 .comment       0x0000000000000031       0x32 build/Interrupt.o
 .comment       0x0000000000000031       0x32 build/Uart.o
 .comment       0x0000000000000031       0x32 build/Timer.o
 .comment       0x0000000000000031       0x32 build/stdlib.o
 .comment       0x0000000000000031       0x32 build/stdio.o
 .comment       0x0000000000000031       0x32 build/armcpu.o
 .comment       0x0000000000000031       0x32 build/task.o

.debug_line     0x0000000000000000      0x649
 .debug_line    0x0000000000000000       0x6d build/Entry.os
 .debug_line    0x000000000000006d       0x90 build/Main.o
 .debug_line    0x00000000000000fd       0x44 build/Handler.o
 .debug_line    0x0000000000000141       0x68 build/Regs.o
 .debug_line    0x00000000000001a9       0xca build/Interrupt.o
 .debug_line    0x0000000000000273       0x83 build/Uart.o
 .debug_line    0x00000000000002f6       0x7a build/Timer.o
 .debug_line    0x0000000000000370       0x58 build/stdlib.o
 .debug_line    0x00000000000003c8       0xc1 build/stdio.o
 .debug_line    0x0000000000000489       0x55 build/armcpu.o
 .debug_line    0x00000000000004de       0x98 build/task.o
 .debug_line    0x0000000000000576       0x78 /usr/lib/gcc/arm-none-eabi/6.3.1/libgcc.a(_udivsi3.o)
 .debug_line    0x00000000000005ee       0x5b /usr/lib/gcc/arm-none-eabi/6.3.1/libgcc.a(_dvmd_tls.o)

.debug_info     0x0000000000000000     0x2e42
 .debug_info    0x0000000000000000       0x5b build/Entry.os
 .debug_info    0x000000000000005b      0x17b build/Main.o
 .debug_info    0x00000000000001d6       0x8e build/Handler.o
 .debug_info    0x0000000000000264     0x1111 build/Regs.o
 .debug_info    0x0000000000001375      0x62c build/Interrupt.o
 .debug_info    0x00000000000019a1      0xb28 build/Uart.o
 .debug_info    0x00000000000024c9      0x2b9 build/Timer.o
 .debug_info    0x0000000000002782       0x96 build/stdlib.o
 .debug_info    0x0000000000002818      0x295 build/stdio.o
 .debug_info    0x0000000000002aad       0x6a build/armcpu.o
 .debug_info    0x0000000000002b17      0x1cf build/task.o
 .debug_info    0x0000000000002ce6       0xae /usr/lib/gcc/arm-none-eabi/6.3.1/libgcc.a(_udivsi3.o)
 .debug_info    0x0000000000002d94       0xae /usr/lib/gcc/arm-none-eabi/6.3.1/libgcc.a(_dvmd_tls.o)

.debug_abbrev   0x0000000000000000      0x971
 .debug_abbrev  0x0000000000000000       0x14 build/Entry.os
 .debug_abbrev  0x0000000000000014       0xbe build/Main.o
 .debug_abbrev  0x00000000000000d2       0x70 build/Handler.o
 .debug_abbrev  0x0000000000000142      0x102 build/Regs.o
 .debug_abbrev  0x0000000000000244      0x17a build/Interrupt.o
 .debug_abbrev  0x00000000000003be      0x1a2 build/Uart.o
 .debug_abbrev  0x0000000000000560      0x141 build/Timer.o
 .debug_abbrev  0x00000000000006a1       0x6d build/stdlib.o
 .debug_abbrev  0x000000000000070e      0x11f build/stdio.o
 .debug_abbrev  0x000000000000082d       0x2c build/armcpu.o
 .debug_abbrev  0x0000000000000859       0xf0 build/task.o
 .debug_abbrev  0x0000000000000949       0x14 /usr/lib/gcc/arm-none-eabi/6.3.1/libgcc.a(_udivsi3.o)
 .debug_abbrev  0x000000000000095d       0x14 /usr/lib/gcc/arm-none-eabi/6.3.1/libgcc.a(_dvmd_tls.o)

.debug_aranges  0x0000000000000000      0x198
 .debug_aranges
                0x0000000000000000       0x20 build/Entry.os
 .debug_aranges
                0x0000000000000020       0x20 build/Main.o
 .debug_aranges
                0x0000000000000040       0x20 build/Handler.o
 .debug_aranges
                0x0000000000000060       0x18 build/Regs.o
 .debug_aranges
                0x0000000000000078       0x20 build/Interrupt.o
 .debug_aranges
                0x0000000000000098       0x20 build/Uart.o
 .debug_aranges
                0x00000000000000b8       0x20 build/Timer.o
 .debug_aranges
                0x00000000000000d8       0x20 build/stdlib.o
 .debug_aranges
                0x00000000000000f8       0x20 build/stdio.o
 .debug_aranges
                0x0000000000000118       0x20 build/armcpu.o
 .debug_aranges
                0x0000000000000138       0x20 build/task.o
 .debug_aranges
                0x0000000000000158       0x20 /usr/lib/gcc/arm-none-eabi/6.3.1/libgcc.a(_udivsi3.o)
 .debug_aranges
                0x0000000000000178       0x20 /usr/lib/gcc/arm-none-eabi/6.3.1/libgcc.a(_dvmd_tls.o)

.debug_str      0x0000000000000000      0x9e3
 .debug_str     0x0000000000000000      0x143 build/Main.o
                                        0x161 (size before relaxing)
 .debug_str     0x0000000000000143       0x41 build/Handler.o
                                        0x114 (size before relaxing)
 .debug_str     0x0000000000000184      0x5ac build/Regs.o
                                        0x698 (size before relaxing)
 .debug_str     0x0000000000000730       0x8e build/Interrupt.o
                                        0x3a7 (size before relaxing)
 .debug_str     0x00000000000007be       0x5c build/Uart.o
                                        0x467 (size before relaxing)
 .debug_str     0x000000000000081a       0x58 build/Timer.o
                                        0x270 (size before relaxing)
 .debug_str     0x0000000000000872       0x18 build/stdlib.o
                                         0xf4 (size before relaxing)
 .debug_str     0x000000000000088a       0x72 build/stdio.o
                                        0x171 (size before relaxing)
 .debug_str     0x00000000000008fc       0x3b build/armcpu.o
                                         0xa5 (size before relaxing)
 .debug_str     0x0000000000000937       0xac build/task.o
                                        0x199 (size before relaxing)

.debug_frame    0x0000000000000000      0x4d8
 .debug_frame   0x0000000000000000      0x100 build/Main.o
 .debug_frame   0x0000000000000100       0x50 build/Handler.o
 .debug_frame   0x0000000000000150       0xb0 build/Interrupt.o
 .debug_frame   0x0000000000000200       0x8c build/Uart.o
 .debug_frame   0x000000000000028c       0x70 build/Timer.o
 .debug_frame   0x00000000000002fc       0x30 build/stdlib.o
 .debug_frame   0x000000000000032c       0xac build/stdio.o
 .debug_frame   0x00000000000003d8       0x90 build/armcpu.o
 .debug_frame   0x0000000000000468       0x50 build/task.o
 .debug_frame   0x00000000000004b8       0x20 /usr/lib/gcc/arm-none-eabi/6.3.1/libgcc.a(_udivsi3.o)
