Archive member included to satisfy reference by file (symbol)

/usr/lib/gcc/arm-none-eabi/6.3.1/libgcc.a(_udivsi3.o)
                              build/stdio.o (__aeabi_uidiv)
/usr/lib/gcc/arm-none-eabi/6.3.1/libgcc.a(_dvmd_tls.o)
                              /usr/lib/gcc/arm-none-eabi/6.3.1/libgcc.a(_udivsi3.o) (__aeabi_idiv0)

Allocating common symbols
Common symbol       size              file

sMsgQ               0x618             build/msg.o

Memory Configuration

Name             Origin             Length             Attributes
*default*        0x0000000000000000 0xffffffffffffffff

Linker script and memory map

LOAD build/Entry.os
LOAD build/Main.o
LOAD build/Handler.o
LOAD build/Regs.o
LOAD build/Interrupt.o
LOAD build/Uart.o
LOAD build/Timer.o
LOAD build/stdlib.o
LOAD build/stdio.o
LOAD build/armcpu.o
LOAD build/task.o
LOAD build/msg.o
LOAD build/event.o
LOAD build/Kernel.o
LOAD /usr/lib/gcc/arm-none-eabi/6.3.1/libgcc.a
                0x0000000000000000                . = 0x0

.text           0x0000000000000000     0x1e40
 *(vector_start)
 *(.text .rodata)
 .text          0x0000000000000000       0xd4 build/Entry.os
                0x0000000000000000                vector_start
                0x000000000000003c                vector_end
 .text          0x00000000000000d4      0x3cc build/Main.o
                0x00000000000000d4                main
                0x00000000000002a0                User_task0
                0x00000000000003b4                User_task1
                0x0000000000000470                User_task2
 .rodata        0x00000000000004a0      0x14a build/Main.o
 *fill*         0x00000000000005ea        0x2 
 .text          0x00000000000005ec       0x24 build/Handler.o
                0x00000000000005ec                Irq_Handler
                0x0000000000000608                Fiq_Handler
 .text          0x0000000000000610        0x0 build/Regs.o
 .text          0x0000000000000610      0x2ec build/Interrupt.o
                0x0000000000000610                Hal_interrupt_init
                0x00000000000006ac                Hal_interrupt_enable
                0x0000000000000770                Hal_interrupt_disable
                0x000000000000083c                Hal_interrupt_register_handler
                0x0000000000000874                Hal_interrupt_run_handler
 .text          0x00000000000008fc      0x1d0 build/Uart.o
                0x00000000000008fc                Hal_uart_init
                0x000000000000099c                Hal_uart_put_char
                0x00000000000009f8                Hal_uart_get_char
 .text          0x0000000000000acc      0x210 build/Timer.o
                0x0000000000000acc                Hal_timer_init
                0x0000000000000cb8                Hal_timer_get_1ms_counter
 .text          0x0000000000000cdc       0xa0 build/stdlib.o
                0x0000000000000cdc                delay
                0x0000000000000d24                memclr
 .text          0x0000000000000d7c      0x434 build/stdio.o
                0x0000000000000d7c                putstr
                0x0000000000000ddc                debug_printf
                0x0000000000000e2c                vsprintf
                0x00000000000010b0                utoa
 .rodata        0x00000000000011b0        0x7 build/stdio.o
 *fill*         0x00000000000011b7        0x1 
 .text          0x00000000000011b8       0xb0 build/armcpu.o
                0x00000000000011b8                enable_irq
                0x00000000000011e4                enable_fiq
                0x0000000000001210                disable_irq
                0x000000000000123c                disable_fiq
 .text          0x0000000000001268      0x2fc build/task.o
                0x0000000000001268                Kernel_task_init
                0x0000000000001370                Kernel_task_start
                0x00000000000013ac                Kernel_task_create
                0x0000000000001440                Kernel_task_scheduler
                0x0000000000001490                Kernel_task_context_switching
 .text          0x0000000000001564      0x418 build/msg.o
                0x0000000000001564                Kernel_msgQ_init
                0x000000000000160c                Kernel_msgQ_is_empty
                0x0000000000001694                Kernel_msgQ_is_full
                0x0000000000001724                Kernel_msgQ_enqueue
                0x000000000000185c                Kernel_msgQ_dequeue
 .text          0x000000000000197c       0xf8 build/event.o
                0x000000000000197c                Kernel_event_flag_init
                0x00000000000019a4                Kernel_event_flag_set
                0x00000000000019e4                Kernel_event_flag_clear
                0x0000000000001a28                Kernel_event_flag_check
 .text          0x0000000000001a74      0x2b4 build/Kernel.o
                0x0000000000001a74                Kernel_start
                0x0000000000001a88                Kernel_yield
                0x0000000000001a9c                Kernel_send_events
                0x0000000000001b20                Kernel_wait_events
                0x0000000000001bbc                Kernel_send_msg
                0x0000000000001c94                Kernel_recv_msg
 .text          0x0000000000001d28      0x114 /usr/lib/gcc/arm-none-eabi/6.3.1/libgcc.a(_udivsi3.o)
                0x0000000000001d28                __udivsi3
                0x0000000000001d28                __aeabi_uidiv
                0x0000000000001e1c                __aeabi_uidivmod
 .text          0x0000000000001e3c        0x4 /usr/lib/gcc/arm-none-eabi/6.3.1/libgcc.a(_dvmd_tls.o)
                0x0000000000001e3c                __aeabi_ldiv0
                0x0000000000001e3c                __aeabi_idiv0

.glue_7         0x0000000000001e40        0x0
 .glue_7        0x0000000000001e40        0x0 linker stubs

.glue_7t        0x0000000000001e40        0x0
 .glue_7t       0x0000000000001e40        0x0 linker stubs

.vfp11_veneer   0x0000000000001e40        0x0
 .vfp11_veneer  0x0000000000001e40        0x0 linker stubs

.v4_bx          0x0000000000001e40        0x0
 .v4_bx         0x0000000000001e40        0x0 linker stubs

.iplt           0x0000000000001e40        0x0
 .iplt          0x0000000000001e40        0x0 build/Entry.os

.rel.dyn        0x0000000000001e40        0x0
 .rel.iplt      0x0000000000001e40        0x0 build/Entry.os

.data           0x0000000000001e40       0x10
 *(.data)
 .data          0x0000000000001e40        0x0 build/Entry.os
 .data          0x0000000000001e40        0x0 build/Main.o
 .data          0x0000000000001e40        0x0 build/Handler.o
 .data          0x0000000000001e40       0x10 build/Regs.o
                0x0000000000001e40                Uart
                0x0000000000001e44                GicCpu
                0x0000000000001e48                GicDist
                0x0000000000001e4c                Timer
 .data          0x0000000000001e50        0x0 build/Interrupt.o
 .data          0x0000000000001e50        0x0 build/Uart.o
 .data          0x0000000000001e50        0x0 build/Timer.o
 .data          0x0000000000001e50        0x0 build/stdlib.o
 .data          0x0000000000001e50        0x0 build/stdio.o
 .data          0x0000000000001e50        0x0 build/armcpu.o
 .data          0x0000000000001e50        0x0 build/task.o
 .data          0x0000000000001e50        0x0 build/msg.o
 .data          0x0000000000001e50        0x0 build/event.o
 .data          0x0000000000001e50        0x0 build/Kernel.o
 .data          0x0000000000001e50        0x0 /usr/lib/gcc/arm-none-eabi/6.3.1/libgcc.a(_udivsi3.o)
 .data          0x0000000000001e50        0x0 /usr/lib/gcc/arm-none-eabi/6.3.1/libgcc.a(_dvmd_tls.o)

.igot.plt       0x0000000000001e50        0x0
 .igot.plt      0x0000000000001e50        0x0 build/Entry.os

.bss            0x0000000000001e50     0x102c
 *(.bss)
 .bss           0x0000000000001e50        0x0 build/Entry.os
 .bss           0x0000000000001e50        0x0 build/Main.o
 .bss           0x0000000000001e50        0x0 build/Handler.o
 .bss           0x0000000000001e50        0x0 build/Regs.o
 .bss           0x0000000000001e50      0x3fc build/Interrupt.o
 .bss           0x000000000000224c        0x0 build/Uart.o
 .bss           0x000000000000224c        0x4 build/Timer.o
 .bss           0x0000000000002250        0x0 build/stdlib.o
 .bss           0x0000000000002250      0x400 build/stdio.o
 .bss           0x0000000000002650        0x0 build/armcpu.o
 .bss           0x0000000000002650      0x210 build/task.o
 .bss           0x0000000000002860        0x0 build/msg.o
 .bss           0x0000000000002860        0x4 build/event.o
 .bss           0x0000000000002864        0x0 build/Kernel.o
 .bss           0x0000000000002864        0x0 /usr/lib/gcc/arm-none-eabi/6.3.1/libgcc.a(_udivsi3.o)
 .bss           0x0000000000002864        0x0 /usr/lib/gcc/arm-none-eabi/6.3.1/libgcc.a(_dvmd_tls.o)
 COMMON         0x0000000000002864      0x618 build/msg.o
                0x0000000000002864                sMsgQ
OUTPUT(build/navilos.axf elf32-littlearm)

.ARM.attributes
                0x0000000000000000       0x33
 .ARM.attributes
                0x0000000000000000       0x25 build/Entry.os
 .ARM.attributes
                0x0000000000000025       0x37 build/Main.o
 .ARM.attributes
                0x000000000000005c       0x37 build/Handler.o
 .ARM.attributes
                0x0000000000000093       0x37 build/Regs.o
 .ARM.attributes
                0x00000000000000ca       0x37 build/Interrupt.o
 .ARM.attributes
                0x0000000000000101       0x37 build/Uart.o
 .ARM.attributes
                0x0000000000000138       0x37 build/Timer.o
 .ARM.attributes
                0x000000000000016f       0x37 build/stdlib.o
 .ARM.attributes
                0x00000000000001a6       0x37 build/stdio.o
 .ARM.attributes
                0x00000000000001dd       0x37 build/armcpu.o
 .ARM.attributes
                0x0000000000000214       0x37 build/task.o
 .ARM.attributes
                0x000000000000024b       0x37 build/msg.o
 .ARM.attributes
                0x0000000000000282       0x37 build/event.o
 .ARM.attributes
                0x00000000000002b9       0x37 build/Kernel.o
 .ARM.attributes
                0x00000000000002f0       0x18 /usr/lib/gcc/arm-none-eabi/6.3.1/libgcc.a(_udivsi3.o)
 .ARM.attributes
                0x0000000000000308       0x18 /usr/lib/gcc/arm-none-eabi/6.3.1/libgcc.a(_dvmd_tls.o)

.comment        0x0000000000000000       0x31
 .comment       0x0000000000000000       0x31 build/Main.o
                                         0x32 (size before relaxing)
 .comment       0x0000000000000031       0x32 build/Handler.o
 .comment       0x0000000000000031       0x32 build/Regs.o
 .comment       0x0000000000000031       0x32 build/Interrupt.o
 .comment       0x0000000000000031       0x32 build/Uart.o
 .comment       0x0000000000000031       0x32 build/Timer.o
 .comment       0x0000000000000031       0x32 build/stdlib.o
 .comment       0x0000000000000031       0x32 build/stdio.o
 .comment       0x0000000000000031       0x32 build/armcpu.o
 .comment       0x0000000000000031       0x32 build/task.o
 .comment       0x0000000000000031       0x32 build/msg.o
 .comment       0x0000000000000031       0x32 build/event.o
 .comment       0x0000000000000031       0x32 build/Kernel.o

.debug_line     0x0000000000000000      0x8cc
 .debug_line    0x0000000000000000       0x6d build/Entry.os
 .debug_line    0x000000000000006d       0xd0 build/Main.o
 .debug_line    0x000000000000013d       0x44 build/Handler.o
 .debug_line    0x0000000000000181       0x68 build/Regs.o
 .debug_line    0x00000000000001e9       0xca build/Interrupt.o
 .debug_line    0x00000000000002b3       0xa0 build/Uart.o
 .debug_line    0x0000000000000353       0x7a build/Timer.o
 .debug_line    0x00000000000003cd       0x5e build/stdlib.o
 .debug_line    0x000000000000042b       0xc1 build/stdio.o
 .debug_line    0x00000000000004ec       0x55 build/armcpu.o
 .debug_line    0x0000000000000541       0xc0 build/task.o
 .debug_line    0x0000000000000601       0xa8 build/msg.o
 .debug_line    0x00000000000006a9       0x6c build/event.o
 .debug_line    0x0000000000000715       0xe4 build/Kernel.o
 .debug_line    0x00000000000007f9       0x78 /usr/lib/gcc/arm-none-eabi/6.3.1/libgcc.a(_udivsi3.o)
 .debug_line    0x0000000000000871       0x5b /usr/lib/gcc/arm-none-eabi/6.3.1/libgcc.a(_dvmd_tls.o)

.debug_info     0x0000000000000000     0x3a8f
 .debug_info    0x0000000000000000       0x64 build/Entry.os
 .debug_info    0x0000000000000064      0x39f build/Main.o
 .debug_info    0x0000000000000403       0x8e build/Handler.o
 .debug_info    0x0000000000000491     0x1111 build/Regs.o
 .debug_info    0x00000000000015a2      0x62c build/Interrupt.o
 .debug_info    0x0000000000001bce      0xc60 build/Uart.o
 .debug_info    0x000000000000282e      0x2b9 build/Timer.o
 .debug_info    0x0000000000002ae7       0xe7 build/stdlib.o
 .debug_info    0x0000000000002bce      0x295 build/stdio.o
 .debug_info    0x0000000000002e63       0x6a build/armcpu.o
 .debug_info    0x0000000000002ecd      0x26c build/task.o
 .debug_info    0x0000000000003139      0x242 build/msg.o
 .debug_info    0x000000000000337b      0x21c build/event.o
 .debug_info    0x0000000000003597      0x39c build/Kernel.o
 .debug_info    0x0000000000003933       0xae /usr/lib/gcc/arm-none-eabi/6.3.1/libgcc.a(_udivsi3.o)
 .debug_info    0x00000000000039e1       0xae /usr/lib/gcc/arm-none-eabi/6.3.1/libgcc.a(_dvmd_tls.o)

.debug_abbrev   0x0000000000000000      0xd83
 .debug_abbrev  0x0000000000000000       0x14 build/Entry.os
 .debug_abbrev  0x0000000000000014      0x107 build/Main.o
 .debug_abbrev  0x000000000000011b       0x70 build/Handler.o
 .debug_abbrev  0x000000000000018b      0x102 build/Regs.o
 .debug_abbrev  0x000000000000028d      0x17a build/Interrupt.o
 .debug_abbrev  0x0000000000000407      0x1ce build/Uart.o
 .debug_abbrev  0x00000000000005d5      0x141 build/Timer.o
 .debug_abbrev  0x0000000000000716       0xb5 build/stdlib.o
 .debug_abbrev  0x00000000000007cb      0x11f build/stdio.o
 .debug_abbrev  0x00000000000008ea       0x2c build/armcpu.o
 .debug_abbrev  0x0000000000000916      0x14e build/task.o
 .debug_abbrev  0x0000000000000a64      0x131 build/msg.o
 .debug_abbrev  0x0000000000000b95       0xcf build/event.o
 .debug_abbrev  0x0000000000000c64       0xf7 build/Kernel.o
 .debug_abbrev  0x0000000000000d5b       0x14 /usr/lib/gcc/arm-none-eabi/6.3.1/libgcc.a(_udivsi3.o)
 .debug_abbrev  0x0000000000000d6f       0x14 /usr/lib/gcc/arm-none-eabi/6.3.1/libgcc.a(_dvmd_tls.o)

.debug_aranges  0x0000000000000000      0x1f8
 .debug_aranges
                0x0000000000000000       0x20 build/Entry.os
 .debug_aranges
                0x0000000000000020       0x20 build/Main.o
 .debug_aranges
                0x0000000000000040       0x20 build/Handler.o
 .debug_aranges
                0x0000000000000060       0x18 build/Regs.o
 .debug_aranges
                0x0000000000000078       0x20 build/Interrupt.o
 .debug_aranges
                0x0000000000000098       0x20 build/Uart.o
 .debug_aranges
                0x00000000000000b8       0x20 build/Timer.o
 .debug_aranges
                0x00000000000000d8       0x20 build/stdlib.o
 .debug_aranges
                0x00000000000000f8       0x20 build/stdio.o
 .debug_aranges
                0x0000000000000118       0x20 build/armcpu.o
 .debug_aranges
                0x0000000000000138       0x20 build/task.o
 .debug_aranges
                0x0000000000000158       0x20 build/msg.o
 .debug_aranges
                0x0000000000000178       0x20 build/event.o
 .debug_aranges
                0x0000000000000198       0x20 build/Kernel.o
 .debug_aranges
                0x00000000000001b8       0x20 /usr/lib/gcc/arm-none-eabi/6.3.1/libgcc.a(_udivsi3.o)
 .debug_aranges
                0x00000000000001d8       0x20 /usr/lib/gcc/arm-none-eabi/6.3.1/libgcc.a(_dvmd_tls.o)

.debug_str      0x0000000000000000     0x109f
 .debug_str     0x0000000000000000      0x557 build/Main.o
                                        0x575 (size before relaxing)
 .debug_str     0x0000000000000557       0x72 build/Handler.o
                                        0x11d (size before relaxing)
 .debug_str     0x00000000000005c9      0x5ac build/Regs.o
                                        0x6a1 (size before relaxing)
 .debug_str     0x0000000000000b75       0x8e build/Interrupt.o
                                        0x3b0 (size before relaxing)
 .debug_str     0x0000000000000c03       0x54 build/Uart.o
                                        0x83a (size before relaxing)
 .debug_str     0x0000000000000c57       0x58 build/Timer.o
                                        0x279 (size before relaxing)
 .debug_str     0x0000000000000caf       0x1e build/stdlib.o
                                        0x112 (size before relaxing)
 .debug_str     0x0000000000000ccd       0x72 build/stdio.o
                                        0x17a (size before relaxing)
 .debug_str     0x0000000000000d3f       0x3b build/armcpu.o
                                         0xae (size before relaxing)
 .debug_str     0x0000000000000d7a      0x159 build/task.o
                                        0x24f (size before relaxing)
 .debug_str     0x0000000000000ed3       0xa8 build/msg.o
                                        0x1f9 (size before relaxing)
 .debug_str     0x0000000000000f7b       0x77 build/event.o
                                        0x4e3 (size before relaxing)
 .debug_str     0x0000000000000ff2       0xad build/Kernel.o
                                        0x58d (size before relaxing)

.debug_frame    0x0000000000000000      0x780
 .debug_frame   0x0000000000000000       0xfc build/Main.o
 .debug_frame   0x00000000000000fc       0x50 build/Handler.o
 .debug_frame   0x000000000000014c       0xb0 build/Interrupt.o
 .debug_frame   0x00000000000001fc       0x8c build/Uart.o
 .debug_frame   0x0000000000000288       0x70 build/Timer.o
 .debug_frame   0x00000000000002f8       0x50 build/stdlib.o
 .debug_frame   0x0000000000000348       0xac build/stdio.o
 .debug_frame   0x00000000000003f4       0x90 build/armcpu.o
 .debug_frame   0x0000000000000484       0xd4 build/task.o
 .debug_frame   0x0000000000000558       0xb0 build/msg.o
 .debug_frame   0x0000000000000608       0x90 build/event.o
 .debug_frame   0x0000000000000698       0xc8 build/Kernel.o
 .debug_frame   0x0000000000000760       0x20 /usr/lib/gcc/arm-none-eabi/6.3.1/libgcc.a(_udivsi3.o)
