Archive member included to satisfy reference by file (symbol)

/usr/lib/gcc/arm-none-eabi/6.3.1/libgcc.a(_udivsi3.o)
                              build/stdio.o (__aeabi_uidiv)
/usr/lib/gcc/arm-none-eabi/6.3.1/libgcc.a(_dvmd_tls.o)
                              /usr/lib/gcc/arm-none-eabi/6.3.1/libgcc.a(_udivsi3.o) (__aeabi_idiv0)

Memory Configuration

Name             Origin             Length             Attributes
*default*        0x0000000000000000 0xffffffffffffffff

Linker script and memory map

LOAD build/Entry.os
LOAD build/Main.o
LOAD build/Handler.o
LOAD build/Regs.o
LOAD build/Interrupt.o
LOAD build/Uart.o
LOAD build/Timer.o
LOAD build/stdlib.o
LOAD build/stdio.o
LOAD build/armcpu.o
LOAD build/task.o
LOAD build/event.o
LOAD build/Kernel.o
LOAD /usr/lib/gcc/arm-none-eabi/6.3.1/libgcc.a
                0x0000000000000000                . = 0x0

.text           0x0000000000000000     0x17d0
 *(vector_start)
 *(.text .rodata)
 .text          0x0000000000000000       0xd4 build/Entry.os
                0x0000000000000000                vector_start
                0x000000000000003c                vector_end
 .text          0x00000000000000d4      0x32c build/Main.o
                0x00000000000000d4                main
                0x00000000000002a0                User_task0
                0x0000000000000338                User_task1
                0x00000000000003d0                User_task2
 .rodata        0x0000000000000400      0x156 build/Main.o
 *fill*         0x0000000000000556        0x2 
 .text          0x0000000000000558       0x24 build/Handler.o
                0x0000000000000558                Irq_Handler
                0x0000000000000574                Fiq_Handler
 .text          0x000000000000057c        0x0 build/Regs.o
 .text          0x000000000000057c      0x2ec build/Interrupt.o
                0x000000000000057c                Hal_interrupt_init
                0x0000000000000618                Hal_interrupt_enable
                0x00000000000006dc                Hal_interrupt_disable
                0x00000000000007a8                Hal_interrupt_register_handler
                0x00000000000007e0                Hal_interrupt_run_handler
 .text          0x0000000000000868      0x1d0 build/Uart.o
                0x0000000000000868                Hal_uart_init
                0x0000000000000908                Hal_uart_put_char
                0x0000000000000964                Hal_uart_get_char
 .text          0x0000000000000a38      0x210 build/Timer.o
                0x0000000000000a38                Hal_timer_init
                0x0000000000000c24                Hal_timer_get_1ms_counter
 .text          0x0000000000000c48       0x48 build/stdlib.o
                0x0000000000000c48                delay
 .text          0x0000000000000c90      0x434 build/stdio.o
                0x0000000000000c90                putstr
                0x0000000000000cf0                debug_printf
                0x0000000000000d40                vsprintf
                0x0000000000000fc4                utoa
 .rodata        0x00000000000010c4        0x7 build/stdio.o
 *fill*         0x00000000000010cb        0x1 
 .text          0x00000000000010cc       0xb0 build/armcpu.o
                0x00000000000010cc                enable_irq
                0x00000000000010f8                enable_fiq
                0x0000000000001124                disable_irq
                0x0000000000001150                disable_fiq
 .text          0x000000000000117c      0x2fc build/task.o
                0x000000000000117c                Kernel_task_init
                0x0000000000001284                Kernel_task_start
                0x00000000000012c0                Kernel_task_create
                0x0000000000001354                Kernel_task_scheduler
                0x00000000000013a4                Kernel_task_context_switching
 .text          0x0000000000001478       0xf8 build/event.o
                0x0000000000001478                Kernel_event_flag_init
                0x00000000000014a0                Kernel_event_flag_set
                0x00000000000014e0                Kernel_event_flag_clear
                0x0000000000001524                Kernel_event_flag_check
 .text          0x0000000000001570      0x148 build/Kernel.o
                0x0000000000001570                Kernel_start
                0x0000000000001584                Kernel_yield
                0x0000000000001598                Kernel_send_events
                0x000000000000161c                Kernel_wait_events
 .text          0x00000000000016b8      0x114 /usr/lib/gcc/arm-none-eabi/6.3.1/libgcc.a(_udivsi3.o)
                0x00000000000016b8                __udivsi3
                0x00000000000016b8                __aeabi_uidiv
                0x00000000000017ac                __aeabi_uidivmod
 .text          0x00000000000017cc        0x4 /usr/lib/gcc/arm-none-eabi/6.3.1/libgcc.a(_dvmd_tls.o)
                0x00000000000017cc                __aeabi_ldiv0
                0x00000000000017cc                __aeabi_idiv0

.glue_7         0x00000000000017d0        0x0
 .glue_7        0x00000000000017d0        0x0 linker stubs

.glue_7t        0x00000000000017d0        0x0
 .glue_7t       0x00000000000017d0        0x0 linker stubs

.vfp11_veneer   0x00000000000017d0        0x0
 .vfp11_veneer  0x00000000000017d0        0x0 linker stubs

.v4_bx          0x00000000000017d0        0x0
 .v4_bx         0x00000000000017d0        0x0 linker stubs

.iplt           0x00000000000017d0        0x0
 .iplt          0x00000000000017d0        0x0 build/Entry.os

.rel.dyn        0x00000000000017d0        0x0
 .rel.iplt      0x00000000000017d0        0x0 build/Entry.os

.data           0x00000000000017d0       0x10
 *(.data)
 .data          0x00000000000017d0        0x0 build/Entry.os
 .data          0x00000000000017d0        0x0 build/Main.o
 .data          0x00000000000017d0        0x0 build/Handler.o
 .data          0x00000000000017d0       0x10 build/Regs.o
                0x00000000000017d0                Uart
                0x00000000000017d4                GicCpu
                0x00000000000017d8                GicDist
                0x00000000000017dc                Timer
 .data          0x00000000000017e0        0x0 build/Interrupt.o
 .data          0x00000000000017e0        0x0 build/Uart.o
 .data          0x00000000000017e0        0x0 build/Timer.o
 .data          0x00000000000017e0        0x0 build/stdlib.o
 .data          0x00000000000017e0        0x0 build/stdio.o
 .data          0x00000000000017e0        0x0 build/armcpu.o
 .data          0x00000000000017e0        0x0 build/task.o
 .data          0x00000000000017e0        0x0 build/event.o
 .data          0x00000000000017e0        0x0 build/Kernel.o
 .data          0x00000000000017e0        0x0 /usr/lib/gcc/arm-none-eabi/6.3.1/libgcc.a(_udivsi3.o)
 .data          0x00000000000017e0        0x0 /usr/lib/gcc/arm-none-eabi/6.3.1/libgcc.a(_dvmd_tls.o)

.igot.plt       0x00000000000017e0        0x0
 .igot.plt      0x00000000000017e0        0x0 build/Entry.os

.bss            0x00000000000017e0      0xa14
 *(.bss)
 .bss           0x00000000000017e0        0x0 build/Entry.os
 .bss           0x00000000000017e0        0x0 build/Main.o
 .bss           0x00000000000017e0        0x0 build/Handler.o
 .bss           0x00000000000017e0        0x0 build/Regs.o
 .bss           0x00000000000017e0      0x3fc build/Interrupt.o
 .bss           0x0000000000001bdc        0x0 build/Uart.o
 .bss           0x0000000000001bdc        0x4 build/Timer.o
 .bss           0x0000000000001be0        0x0 build/stdlib.o
 .bss           0x0000000000001be0      0x400 build/stdio.o
 .bss           0x0000000000001fe0        0x0 build/armcpu.o
 .bss           0x0000000000001fe0      0x210 build/task.o
 .bss           0x00000000000021f0        0x4 build/event.o
 .bss           0x00000000000021f4        0x0 build/Kernel.o
 .bss           0x00000000000021f4        0x0 /usr/lib/gcc/arm-none-eabi/6.3.1/libgcc.a(_udivsi3.o)
 .bss           0x00000000000021f4        0x0 /usr/lib/gcc/arm-none-eabi/6.3.1/libgcc.a(_dvmd_tls.o)
OUTPUT(build/navilos.axf elf32-littlearm)

.ARM.attributes
                0x0000000000000000       0x33
 .ARM.attributes
                0x0000000000000000       0x25 build/Entry.os
 .ARM.attributes
                0x0000000000000025       0x37 build/Main.o
 .ARM.attributes
                0x000000000000005c       0x37 build/Handler.o
 .ARM.attributes
                0x0000000000000093       0x37 build/Regs.o
 .ARM.attributes
                0x00000000000000ca       0x37 build/Interrupt.o
 .ARM.attributes
                0x0000000000000101       0x37 build/Uart.o
 .ARM.attributes
                0x0000000000000138       0x37 build/Timer.o
 .ARM.attributes
                0x000000000000016f       0x37 build/stdlib.o
 .ARM.attributes
                0x00000000000001a6       0x37 build/stdio.o
 .ARM.attributes
                0x00000000000001dd       0x37 build/armcpu.o
 .ARM.attributes
                0x0000000000000214       0x37 build/task.o
 .ARM.attributes
                0x000000000000024b       0x37 build/event.o
 .ARM.attributes
                0x0000000000000282       0x37 build/Kernel.o
 .ARM.attributes
                0x00000000000002b9       0x18 /usr/lib/gcc/arm-none-eabi/6.3.1/libgcc.a(_udivsi3.o)
 .ARM.attributes
                0x00000000000002d1       0x18 /usr/lib/gcc/arm-none-eabi/6.3.1/libgcc.a(_dvmd_tls.o)

.comment        0x0000000000000000       0x31
 .comment       0x0000000000000000       0x31 build/Main.o
                                         0x32 (size before relaxing)
 .comment       0x0000000000000031       0x32 build/Handler.o
 .comment       0x0000000000000031       0x32 build/Regs.o
 .comment       0x0000000000000031       0x32 build/Interrupt.o
 .comment       0x0000000000000031       0x32 build/Uart.o
 .comment       0x0000000000000031       0x32 build/Timer.o
 .comment       0x0000000000000031       0x32 build/stdlib.o
 .comment       0x0000000000000031       0x32 build/stdio.o
 .comment       0x0000000000000031       0x32 build/armcpu.o
 .comment       0x0000000000000031       0x32 build/task.o
 .comment       0x0000000000000031       0x32 build/event.o
 .comment       0x0000000000000031       0x32 build/Kernel.o

.debug_line     0x0000000000000000      0x7bf
 .debug_line    0x0000000000000000       0x6d build/Entry.os
 .debug_line    0x000000000000006d       0xcc build/Main.o
 .debug_line    0x0000000000000139       0x44 build/Handler.o
 .debug_line    0x000000000000017d       0x68 build/Regs.o
 .debug_line    0x00000000000001e5       0xca build/Interrupt.o
 .debug_line    0x00000000000002af       0x98 build/Uart.o
 .debug_line    0x0000000000000347       0x7a build/Timer.o
 .debug_line    0x00000000000003c1       0x58 build/stdlib.o
 .debug_line    0x0000000000000419       0xc1 build/stdio.o
 .debug_line    0x00000000000004da       0x55 build/armcpu.o
 .debug_line    0x000000000000052f       0xc0 build/task.o
 .debug_line    0x00000000000005ef       0x6c build/event.o
 .debug_line    0x000000000000065b       0x91 build/Kernel.o
 .debug_line    0x00000000000006ec       0x78 /usr/lib/gcc/arm-none-eabi/6.3.1/libgcc.a(_udivsi3.o)
 .debug_line    0x0000000000000764       0x5b /usr/lib/gcc/arm-none-eabi/6.3.1/libgcc.a(_dvmd_tls.o)

.debug_info     0x0000000000000000     0x3621
 .debug_info    0x0000000000000000       0x64 build/Entry.os
 .debug_info    0x0000000000000064      0x335 build/Main.o
 .debug_info    0x0000000000000399       0x8e build/Handler.o
 .debug_info    0x0000000000000427     0x1111 build/Regs.o
 .debug_info    0x0000000000001538      0x62c build/Interrupt.o
 .debug_info    0x0000000000001b64      0xc37 build/Uart.o
 .debug_info    0x000000000000279b      0x2b9 build/Timer.o
 .debug_info    0x0000000000002a54       0x96 build/stdlib.o
 .debug_info    0x0000000000002aea      0x295 build/stdio.o
 .debug_info    0x0000000000002d7f       0x6a build/armcpu.o
 .debug_info    0x0000000000002de9      0x26c build/task.o
 .debug_info    0x0000000000003055      0x21c build/event.o
 .debug_info    0x0000000000003271      0x254 build/Kernel.o
 .debug_info    0x00000000000034c5       0xae /usr/lib/gcc/arm-none-eabi/6.3.1/libgcc.a(_udivsi3.o)
 .debug_info    0x0000000000003573       0xae /usr/lib/gcc/arm-none-eabi/6.3.1/libgcc.a(_dvmd_tls.o)

.debug_abbrev   0x0000000000000000      0xbe8
 .debug_abbrev  0x0000000000000000       0x14 build/Entry.os
 .debug_abbrev  0x0000000000000014       0xf5 build/Main.o
 .debug_abbrev  0x0000000000000109       0x70 build/Handler.o
 .debug_abbrev  0x0000000000000179      0x102 build/Regs.o
 .debug_abbrev  0x000000000000027b      0x17a build/Interrupt.o
 .debug_abbrev  0x00000000000003f5      0x1ce build/Uart.o
 .debug_abbrev  0x00000000000005c3      0x141 build/Timer.o
 .debug_abbrev  0x0000000000000704       0x6d build/stdlib.o
 .debug_abbrev  0x0000000000000771      0x11f build/stdio.o
 .debug_abbrev  0x0000000000000890       0x2c build/armcpu.o
 .debug_abbrev  0x00000000000008bc      0x14e build/task.o
 .debug_abbrev  0x0000000000000a0a       0xcf build/event.o
 .debug_abbrev  0x0000000000000ad9       0xe7 build/Kernel.o
 .debug_abbrev  0x0000000000000bc0       0x14 /usr/lib/gcc/arm-none-eabi/6.3.1/libgcc.a(_udivsi3.o)
 .debug_abbrev  0x0000000000000bd4       0x14 /usr/lib/gcc/arm-none-eabi/6.3.1/libgcc.a(_dvmd_tls.o)

.debug_aranges  0x0000000000000000      0x1d8
 .debug_aranges
                0x0000000000000000       0x20 build/Entry.os
 .debug_aranges
                0x0000000000000020       0x20 build/Main.o
 .debug_aranges
                0x0000000000000040       0x20 build/Handler.o
 .debug_aranges
                0x0000000000000060       0x18 build/Regs.o
 .debug_aranges
                0x0000000000000078       0x20 build/Interrupt.o
 .debug_aranges
                0x0000000000000098       0x20 build/Uart.o
 .debug_aranges
                0x00000000000000b8       0x20 build/Timer.o
 .debug_aranges
                0x00000000000000d8       0x20 build/stdlib.o
 .debug_aranges
                0x00000000000000f8       0x20 build/stdio.o
 .debug_aranges
                0x0000000000000118       0x20 build/armcpu.o
 .debug_aranges
                0x0000000000000138       0x20 build/task.o
 .debug_aranges
                0x0000000000000158       0x20 build/event.o
 .debug_aranges
                0x0000000000000178       0x20 build/Kernel.o
 .debug_aranges
                0x0000000000000198       0x20 /usr/lib/gcc/arm-none-eabi/6.3.1/libgcc.a(_udivsi3.o)
 .debug_aranges
                0x00000000000001b8       0x20 /usr/lib/gcc/arm-none-eabi/6.3.1/libgcc.a(_dvmd_tls.o)

.debug_str      0x0000000000000000      0xf35
 .debug_str     0x0000000000000000      0x4ed build/Main.o
                                        0x50b (size before relaxing)
 .debug_str     0x00000000000004ed       0x41 build/Handler.o
                                        0x11d (size before relaxing)
 .debug_str     0x000000000000052e      0x5ac build/Regs.o
                                        0x6a1 (size before relaxing)
 .debug_str     0x0000000000000ada       0x8e build/Interrupt.o
                                        0x3b0 (size before relaxing)
 .debug_str     0x0000000000000b68       0x5c build/Uart.o
                                        0x7eb (size before relaxing)
 .debug_str     0x0000000000000bc4       0x58 build/Timer.o
                                        0x279 (size before relaxing)
 .debug_str     0x0000000000000c1c       0x18 build/stdlib.o
                                         0xfd (size before relaxing)
 .debug_str     0x0000000000000c34       0x72 build/stdio.o
                                        0x17a (size before relaxing)
 .debug_str     0x0000000000000ca6       0x3b build/armcpu.o
                                         0xae (size before relaxing)
 .debug_str     0x0000000000000ce1      0x159 build/task.o
                                        0x24f (size before relaxing)
 .debug_str     0x0000000000000e3a       0x77 build/event.o
                                        0x4e3 (size before relaxing)
 .debug_str     0x0000000000000eb1       0x84 build/Kernel.o
                                        0x4ed (size before relaxing)

.debug_frame    0x0000000000000000      0x670
 .debug_frame   0x0000000000000000       0xfc build/Main.o
 .debug_frame   0x00000000000000fc       0x50 build/Handler.o
 .debug_frame   0x000000000000014c       0xb0 build/Interrupt.o
 .debug_frame   0x00000000000001fc       0x8c build/Uart.o
 .debug_frame   0x0000000000000288       0x70 build/Timer.o
 .debug_frame   0x00000000000002f8       0x30 build/stdlib.o
 .debug_frame   0x0000000000000328       0xac build/stdio.o
 .debug_frame   0x00000000000003d4       0x90 build/armcpu.o
 .debug_frame   0x0000000000000464       0xd4 build/task.o
 .debug_frame   0x0000000000000538       0x90 build/event.o
 .debug_frame   0x00000000000005c8       0x88 build/Kernel.o
 .debug_frame   0x0000000000000650       0x20 /usr/lib/gcc/arm-none-eabi/6.3.1/libgcc.a(_udivsi3.o)
